[backblue.gif]
[fade.gif]
[index.html]
[joaomalta.com.br/wp-content/uploads/2017/09/favicon.png]
[maxcdn.bootstrapcdn.com/bootstrap/3.3.6/css/bootstrap.min.css]
[maxcdn.bootstrapcdn.com/font-awesome/4.7.0/css/font-awesome.min.css]
[maxcdn.bootstrapcdn.com/bootstrap/3.3.6/css/bootstrap-theme.min.css]
[joaomalta.com.br/wp-json/index.html]
[joaomalta.com.br/wp-includes/wlwmanifest.xml]
[www.google-analytics.com/analytics.js]
[joaomalta.com.br/wp-content/uploads/2017/09/logo_jm.png]
[joaomalta.com.br/wp-content/uploads/2017/09/jm_banner-site_170929_review3.jpg]
[cdnjs.cloudflare.com/ajax/libs/jquery/2.1.4/jquery.js]
[joaomalta.com.br/wp-content/uploads/2017/09/jm_banner-site_170929_review.jpg]
[joaomalta.com.br/wp-content/uploads/2017/09/jm_banner-site_170929_review2-1.jpg]
[joaomalta.com.br/wp-content/uploads/2017/09/100dpi-2.png]
[joaomalta.com.br/wp-content/themes/joao_malta/img/b3-detalhe.png]
[joaomalta.com.br/wp-content/uploads/2017/09/BG-laranja.png]
[joaomalta.com.br/wp-content/uploads/2017/09/b4-imagem-2.png]
[joaomalta.com.br/wp-content/uploads/2017/09/jm_imagem-site_running-man-02.png]
[joaomalta.com.br/wp-content/uploads/2017/09/BG-Pattern.png]
[joaomalta.com.br/wp-content/uploads/2017/09/foto-02-1.png]
[maxcdn.bootstrapcdn.com/bootstrap/3.3.6/js/bootstrap.min.js]
[cdnjs.cloudflare.com/ajax/libs/jquery.matchHeight/0.7.2/jquery.matchHeight-min.js]
[joaomalta.com.br/index.html]
[joaomalta.com.br/xmlrpc.html]
[maxcdn.bootstrapcdn.com/bootstrap/3.3.6/css/bootstrap.min.css]
[maxcdn.bootstrapcdn.com/font-awesome/4.7.0/css/font-awesome.min.css]
[maxcdn.bootstrapcdn.com/bootstrap/3.3.6/css/bootstrap-theme.min.css]
[joaomalta.com.br/wp-content/themes/joao_malta/js/owl.carousel.2.0.0-beta.2.4/assets/owl.carousel.css]
[joaomalta.com.br/wp-content/themes/joao_malta/font/futura-bq-webfont.woff2]
[joaomalta.com.br/wp-content/themes/joao_malta/font/futura-bq-webfont.woff]
[joaomalta.com.br/wp-content/themes/joao_malta/font/futura-medium-webfont.woff2]
[joaomalta.com.br/wp-content/themes/joao_malta/font/futura-medium-webfont.woff]
[joaomalta.com.br/wp-content/themes/joao_malta/font/futura-mediumitalic-webfont.woff2]
[joaomalta.com.br/wp-content/themes/joao_malta/font/futura-mediumitalic-webfont.woff]
[joaomalta.com.br/wp-content/themes/joao_malta/font/futura-condensedmedium-webfont.woff2]
[joaomalta.com.br/wp-content/themes/joao_malta/font/futura-condensedmedium-webfont.woff]
[joaomalta.com.br/wp-content/themes/joao_malta/font/futura-condensedextrabold-webfont.woff2]
[joaomalta.com.br/wp-content/themes/joao_malta/font/futura-condensedextrabold-webfont.woff]
[joaomalta.com.br/wp-content/themes/joao_malta/img/b2-bg.png]
[joaomalta.com.br/wp-content/themes/joao_malta/img/dep-detalhe.png]
[joaomalta.com.br/wp-content/themes/joao_malta/style488a.css]
[joaomalta.com.br/wp-content/themes/joao_malta/index.html]
[joaomalta.com.br/wp-content/plugins/contact-form-7/images/ajax-loader.gif]
[joaomalta.com.br/wp-content/plugins/contact-form-7/includes/css/styles33a6.css]
[joaomalta.com.br/wp-content/plugins/revslider/public/assets/fonts/revicons/revicons90c6.eot]
[joaomalta.com.br/wp-content/plugins/revslider/public/assets/fonts/revicons/revicons90c6.woff]
[joaomalta.com.br/wp-content/plugins/revslider/public/assets/fonts/revicons/revicons90c6.ttf]
[joaomalta.com.br/wp-content/plugins/revslider/public/assets/css/openhand.123]
[joaomalta.com.br/wp-content/plugins/revslider/public/assets/css/closedhand.123]
[joaomalta.com.br/wp-content/plugins/revslider/public/assets/assets/gridtile.png]
[joaomalta.com.br/wp-content/plugins/revslider/public/assets/assets/gridtile_white.png]
[joaomalta.com.br/wp-content/plugins/revslider/public/assets/assets/gridtile_3x3.png]
[joaomalta.com.br/wp-content/plugins/revslider/public/assets/assets/gridtile_3x3_white.png]
[joaomalta.com.br/wp-content/plugins/revslider/public/assets/assets/coloredbg.png]
[joaomalta.com.br/wp-content/plugins/revslider/public/assets/assets/loader.gif]
[joaomalta.com.br/wp-content/plugins/revslider/public/assets/css/settingsb62d.css]
[joaomalta.com.br/wp-content/plugins/wp-pagenavi/pagenavi-css44fd.css]
[joaomalta.com.br/wp-includes/js/jquery/jqueryb8ff.js]
[joaomalta.com.br/wp-includes/js/jquery/jquery-migrate.min330a.js]
[joaomalta.com.br/wp-content/plugins/revslider/public/assets/js/jquery.themepunch.tools.minb62d.js]
[joaomalta.com.br/wp-content/plugins/revslider/public/assets/js/jquery.themepunch.revolution.minb62d.js]
[joaomalta.com.br/xmlrpc0db0.html]
[joaomalta.com.br/wp-content/uploads/2017/09/b4-ico-1.svg]
[joaomalta.com.br/wp-content/uploads/2017/09/b4-ico-2.svg]
[joaomalta.com.br/wp-content/uploads/2017/09/b4-ico-3.svg]
[joaomalta.com.br/wp-content/uploads/2017/09/b4-ico-4.svg]
[joaomalta.com.br/wp-content/uploads/2017/09/b4-ico-5.svg]
[joaomalta.com.br/wp-content/uploads/2017/09/b4-ico-6.svg]
[joaomalta.com.br/wp-content/uploads/2017/09/100dpi-2.png]
[joaomalta.com.br/wp-content/uploads/2017/09/bg-rodape.png]
[joaomalta.com.br/wp-content/uploads/2017/09/jm_imagem-site_running-man-02.png]
[joaomalta.com.br/wp-content/uploads/2017/09/BG-Pattern.png]
[joaomalta.com.br/wp-content/uploads/2017/09/foto-02-1.png]
[joaomalta.com.br/wp-content/uploads/2017/09/b6-ico-1.svg]
[joaomalta.com.br/wp-content/uploads/2017/09/b6-ico-2.svg]
[joaomalta.com.br/wp-content/uploads/2017/09/b6-ico-3.svg]
[joaomalta.com.br/wp-content/uploads/2017/09/b6-ico-4.svg]
[joaomalta.com.br/wp-content/themes/joao_malta/js/owl.carousel.2.0.0-beta.2.4/owl.carousel.min.js]
[joaomalta.com.br/wp-content/themes/joao_malta/js/initfc66.js]
[joaomalta.com.br/wp-content/plugins/contact-form-7/includes/js/scripts33a6.js]
[joaomalta.com.br/wp-includes/js/wp-embed.min6712.js]
[joaomalta.com.br/wp-content/themes/joao_malta/js/owl.carousel.2.0.0-beta.2.4/assets/owl.video.play.html]
[joaomalta.com.br/wp-content/plugins/revslider/public/assets/fonts/revicons/revicons90c6.svg]
[joaomalta.com.br/TweenLite.html]
[joaomalta.com.br/Version/index.html]
[joaomalta.com.br/themepunch.revolution.min.html]
[joaomalta.com.br/jquery.themepunch.revolution.min.html]
[joaomalta.com.br/jquery.themepunch.revolution.html]
